// Jest Snapshot v1, https://goo.gl/fbAQLP

exports[`Cheatsheet page renders a Cheatsheet page 1`] = `
<DocumentFragment>
  <div
    class="layout__Container-sc-1rx37dj-0 gYqtRt"
  >
    <header
      class="layout__Header-sc-1rx37dj-1 fbezYz"
    >
      <a>
        <img
          alt="The Manurepo"
          class="layout__HeaderImage-sc-1rx37dj-2 dbiPNq"
          src="/images/repo.svg"
        />
      </a>
      <h2
        class="headingLg"
      >
        <a
          class="colorInherit"
          href="/"
        >
          The Manurepo
        </a>
      </h2>
    </header>
    <main>
      <article>
        <div>
          [object Object]
        </div>
      </article>
    </main>
    <div
      class="layout__BackToHomeContainer-sc-1rx37dj-3 dDWKJU"
    >
      <a
        href="/"
      >
        ‚Üê Back to home
      </a>
    </div>
  </div>
</DocumentFragment>
`;
